
> momentum-os@1.0.0 build
> next build

node.exe : [baseline-browser-mapping] The 
data in this module is over two months old.  
To ensure accurate Baseline data, please 
update: `npm i 
baseline-browser-mapping@latest -D`
En línea: 1 Carácter: 1
+ & "C:\Program Files\nodejs/node.exe" 
"C:\Program Files\nodejs/node_mo ...
+ ~~~~~~~~~~~~~~~~~~~~~~~~~~~~~~~~~~~~~~~~~~~~
~~~~~~~~~~~~~~~~~~~~~~~~~
    + CategoryInfo          : NotSpecified: ( 
   [baseline-brows...ping@latest -D`:String)  
   [], RemoteException
    + FullyQualifiedErrorId : NativeCommandEr 
   ror
 
[@serwist/next] WARNING: You are using 
'@serwist/next' with `next dev --turbopack`, 
but it doesn't support Turbopack. Do one of 
the following:

- Set `disable` to `process.env.NODE_ENV !== 
"production"`.

- Use webpack by running `next dev --webpack` 
instead of `next dev --turbopack`.

- Migrate to '@serwist/turbopack' which has 
experimental support for Turbopack. See 
https://serwist.pages.dev/docs/next/turbo for 
more information.

- Migrate to configurator mode which has 
support for Turbopack. See 
https://serwist.pages.dev/docs/next/config 
for more information. 

Follow 
https://github.com/serwist/serwist/issues/54 
for progress on Serwist + Turbopack. You can 
also suppress this warning by setting 
SERWIST_SUPPRESS_TURBOPACK_WARNING=1.

   Ôû▓ Next.js 16.0.7 (Turbopack)
   - Environments: .env.local

 ÔÜá The "middleware" file convention is 
deprecated. Please use "proxy" instead. Learn 
more: https://nextjs.org/docs/messages/middlew
are-to-proxy
   Creating an optimized production build ...
[baseline-browser-mapping] The data in this 
module is over two months old.  To ensure 
accurate Baseline data, please update: `npm i 
baseline-browser-mapping@latest -D`
 Ô£ô Compiled successfully in 7.2s
   Running TypeScript ...
Failed to compile.

./src/components/dashboard/AddTransactionForm.
tsx:303:63
Type error: Cannot find name 'parsedAmount'. 
Did you mean 'baseAmount'?

[0m [90m 301 |[39m                     
[33m<[39m[33mButton[39m
 [90m 302 |[39m                         
type[33m=[39m[32m"submit"[39m
[31m[1m>[22m[39m[90m 303 |[39m          
               
disabled[33m=[39m{[33m![39misValid 
[33m||[39m isSubmitting [33m||[39m 
parsedAmount [33m<=[39m [35m0[39m}
 [90m     |[39m                             
                                  
[31m[1m^[22m[39m
 [90m 304 |[39m                         
className[33m=[39m{[32m`w-full py-6 
text-lg font-semibold rounded-2xl shadow-xl 
transition-all ${!isValid || parsedAmount <= 
0[39m
 [90m 305 |[39m [32m                       
         ? 'bg-zinc-800 text-zinc-500 
cursor-not-allowed'[39m
 [90m 306 |[39m [32m                       
         : isIncome[39m[0m
Next.js build worker exited with code: 1 and 
signal: null
