src/components/budgets/BudgetManager.tsx(11,30): error TS2724: '"@/app/actions"' has no exported member named 'deleteBudgetAction'. Did you mean 'getBudgetsAction'?
